2024-12-10 17:20:23,697 - stock_analysis - WARNING - No data received for symbol NTPCGREEN.NS\
2024-12-10 17:20:27,846 - stock_analysis - WARNING - No data received for symbol NTPCGREEN.NS
2024-12-10 17:21:09,803 - stock_analysis - WARNING - No data received for symbol NTPCGREEN.NS
2024-12-10 17:21:37,684 - stock_analysis - WARNING - No data received for symbol NTPCGREEN.BO
2024-12-10 17:24:16,042 - stock_analysis - WARNING - No data received for symbol NTPCGREEN.NS
2024-12-10 17:24:43,442 - stock_analysis - WARNING - No data received for symbol OLAELEC.NS
2024-12-10 17:24:58,380 - stock_analysis - WARNING - No data received for symbol OLAELEC.BO
2024-12-10 17:29:57,870 - stock_analysis - WARNING - No data received for symbol NTPCGREEN.NS
2024-12-10 17:30:08,288 - stock_analysis - WARNING - No data received for symbol NTPCGREEN.NS
2024-12-10 17:30:31,092 - stock_analysis - WARNING - No data received for symbol OLAELEC>NS
2024-12-10 17:30:51,127 - stock_analysis - WARNING - No data received for symbol OLAELEC.NS
2024-12-10 17:31:46,542 - stock_analysis - WARNING - No data received for symbol NTPCGREEN>NS
2024-12-10 17:34:41,483 - stock_analysis - WARNING - No data received for symbol NTPCGREE>NS
2024-12-10 17:49:16,278 - stock_analysis - WARNING - No data received for symbol NTPC.NS
2024-12-10 17:49:26,594 - stock_analysis - WARNING - No data received for symbol NTPC.NS
2024-12-10 18:37:16,916 - stock_analysis - WARNING - No data received for symbol GOOG
2024-12-10 18:39:01,394 - stock_analysis - WARNING - No data received for symbol DEEPAKFERT.NS
2024-12-10 18:39:08,709 - stock_analysis - WARNING - No data received for symbol DEEPAKFERT.NS
2024-12-10 18:39:15,586 - stock_analysis - WARNING - No data received for symbol DEEPAKFERT.NS
2024-12-10 18:44:04,963 - stock_analysis - WARNING - No data received for symbol DEEPAKFERT.NS
2024-12-10 18:44:38,869 - stock_analysis - WARNING - No data received for symbol DEEPAKFERT.NS
2024-12-10 18:45:36,836 - stock_analysis - WARNING - No data received for symbol DEEPAKFERT.NS
